<?xml version="1.0" encoding="UTF-8"?>
<testsuites>
    <testsuite name="searching-for-vote-cards-app;google-search-for-vote-cards-app" tests="3" failures="0" skipped="0">
        <properties>
            <property name="URI" value="D:/Projetos/sample-bdd/features/google-search.feature">
            </property>
        </properties>
        <testcase name="Given I access Google page" classname="searching-for-vote-cards-app;google-search-for-vote-cards-app" time="4.26298316">
        </testcase>
        <testcase name="When I search Google for &quot;teste&quot;" classname="searching-for-vote-cards-app;google-search-for-vote-cards-app" time="0.001057402">
        </testcase>
        <testcase name="Then I should see product detail with title &quot;teste - Pesquisa Google&quot;" classname="searching-for-vote-cards-app;google-search-for-vote-cards-app" time="1.127516998">
        </testcase>
    </testsuite>
</testsuites>